// Jest Snapshot v1, https://goo.gl/fbAQLP

exports[`Image component test Image component test only with all props 1`] = `
<img
  alt="img"
  className="imageClass"
  src="https://cdn0.iconfinder.com/data/icons/seo-smart-pack/128/grey_new_seo3-07-512.png"
  style={
    Object {
      "height": "20px",
      "width": "20px",
    }
  }
/>
`;

exports[`Image component test Image component test only with src prop 1`] = `
<img
  alt=""
  className=""
  src="https://cdn0.iconfinder.com/data/icons/seo-smart-pack/128/grey_new_seo3-07-512.png"
  style={Object {}}
/>
`;
